../Core/Src/main.c:111:6:HAL_GPIO_EXTI_Callback	16	static
../Core/Src/main.c:119:6:HAL_TIM_PeriodElapsedCallback	16	static
../Core/Src/main.c:131:5:main	8	static
../Core/Src/main.c:235:6:SystemClock_Config	96	static
../Core/Src/main.c:296:13:MX_DFSDM1_Init	8	static
../Core/Src/main.c:334:13:MX_I2C2_Init	8	static
../Core/Src/main.c:382:13:MX_QUADSPI_Init	8	static
../Core/Src/main.c:415:13:MX_SPI3_Init	8	static
../Core/Src/main.c:455:13:MX_TIM6_Init	24	static
../Core/Src/main.c:493:13:MX_USART1_UART_Init	8	static
../Core/Src/main.c:528:13:MX_USART3_UART_Init	8	static
../Core/Src/main.c:563:13:MX_USB_OTG_FS_PCD_Init	8	static
../Core/Src/main.c:598:13:MX_GPIO_Init	48	static
../Core/Src/main.c:795:6:StartDefaultTask	24	static
../Core/Src/main.c:825:6:StartTask02	24	static
../Core/Src/main.c:854:6:Error_Handler	4	static,ignoring_inline_asm
